{"golden.word":"golden","golden.translation[0].definitions[0].definition":"having a bright yellow colour like gold","golden.translation[0].definitions[0].example[0].text":"golden hair","golden.translation[0].definitions[0].example[1].text":"golden sand","golden.translation[0].definitions[1].definition":"a golden period of time is one of great happiness or success","golden.translation[0].definitions[1].example[0].text":"the golden age of radio","golden.translation[0].definitions[1].example[1].text":"the golden years of childhood","golden.translation[0].definitions[1].example[1].note.text":"golden years/days etc","golden.translation[0].definitions[2].definition":"made of gold","golden.translation[0].definitions[2].example[0].text":"a golden crown"}